------------------------------------------------------------
TimeQuest Timing Analyzer Summary
------------------------------------------------------------

Type  : Slow 1200mV 85C Model Setup 'p1|altpll_component|pll|clk[2]'
Slack : -22.621
TNS   : -180.668

Type  : Slow 1200mV 85C Model Setup 'vga_controller:vga_ins|squareRender:render1|curSquares:getPos1|counter:myCounter2Hz|clk_out'
Slack : -7.572
TNS   : -1777.002

Type  : Slow 1200mV 85C Model Setup 'CLOCK_50'
Slack : 11.631
TNS   : 0.000

Type  : Slow 1200mV 85C Model Hold 'vga_controller:vga_ins|squareRender:render1|curSquares:getPos1|counter:myCounter2Hz|clk_out'
Slack : 0.401
TNS   : 0.000

Type  : Slow 1200mV 85C Model Hold 'CLOCK_50'
Slack : 0.402
TNS   : 0.000

Type  : Slow 1200mV 85C Model Hold 'p1|altpll_component|pll|clk[2]'
Slack : 0.454
TNS   : 0.000

Type  : Slow 1200mV 85C Model Recovery 'p1|altpll_component|pll|clk[2]'
Slack : 11.763
TNS   : 0.000

Type  : Slow 1200mV 85C Model Removal 'p1|altpll_component|pll|clk[2]'
Slack : 6.368
TNS   : 0.000

Type  : Slow 1200mV 85C Model Minimum Pulse Width 'vga_controller:vga_ins|squareRender:render1|curSquares:getPos1|counter:myCounter2Hz|clk_out'
Slack : -1.285
TNS   : -362.370

Type  : Slow 1200mV 85C Model Minimum Pulse Width 'CLOCK_50'
Slack : 9.755
TNS   : 0.000

Type  : Slow 1200mV 85C Model Minimum Pulse Width 'p1|altpll_component|pll|clk[2]'
Slack : 19.712
TNS   : 0.000

Type  : Slow 1200mV 0C Model Setup 'p1|altpll_component|pll|clk[2]'
Slack : -18.631
TNS   : -148.816

Type  : Slow 1200mV 0C Model Setup 'vga_controller:vga_ins|squareRender:render1|curSquares:getPos1|counter:myCounter2Hz|clk_out'
Slack : -6.940
TNS   : -1618.142

Type  : Slow 1200mV 0C Model Setup 'CLOCK_50'
Slack : 12.358
TNS   : 0.000

Type  : Slow 1200mV 0C Model Hold 'CLOCK_50'
Slack : 0.353
TNS   : 0.000

Type  : Slow 1200mV 0C Model Hold 'vga_controller:vga_ins|squareRender:render1|curSquares:getPos1|counter:myCounter2Hz|clk_out'
Slack : 0.353
TNS   : 0.000

Type  : Slow 1200mV 0C Model Hold 'p1|altpll_component|pll|clk[2]'
Slack : 0.417
TNS   : 0.000

Type  : Slow 1200mV 0C Model Recovery 'p1|altpll_component|pll|clk[2]'
Slack : 12.537
TNS   : 0.000

Type  : Slow 1200mV 0C Model Removal 'p1|altpll_component|pll|clk[2]'
Slack : 5.620
TNS   : 0.000

Type  : Slow 1200mV 0C Model Minimum Pulse Width 'vga_controller:vga_ins|squareRender:render1|curSquares:getPos1|counter:myCounter2Hz|clk_out'
Slack : -1.285
TNS   : -362.370

Type  : Slow 1200mV 0C Model Minimum Pulse Width 'CLOCK_50'
Slack : 9.777
TNS   : 0.000

Type  : Slow 1200mV 0C Model Minimum Pulse Width 'p1|altpll_component|pll|clk[2]'
Slack : 19.712
TNS   : 0.000

Type  : Fast 1200mV 0C Model Setup 'p1|altpll_component|pll|clk[2]'
Slack : -3.445
TNS   : -27.442

Type  : Fast 1200mV 0C Model Setup 'vga_controller:vga_ins|squareRender:render1|curSquares:getPos1|counter:myCounter2Hz|clk_out'
Slack : -3.368
TNS   : -772.844

Type  : Fast 1200mV 0C Model Setup 'CLOCK_50'
Slack : 15.704
TNS   : 0.000

Type  : Fast 1200mV 0C Model Hold 'CLOCK_50'
Slack : 0.181
TNS   : 0.000

Type  : Fast 1200mV 0C Model Hold 'vga_controller:vga_ins|squareRender:render1|curSquares:getPos1|counter:myCounter2Hz|clk_out'
Slack : 0.181
TNS   : 0.000

Type  : Fast 1200mV 0C Model Hold 'p1|altpll_component|pll|clk[2]'
Slack : 0.197
TNS   : 0.000

Type  : Fast 1200mV 0C Model Recovery 'p1|altpll_component|pll|clk[2]'
Slack : 15.590
TNS   : 0.000

Type  : Fast 1200mV 0C Model Removal 'p1|altpll_component|pll|clk[2]'
Slack : 3.188
TNS   : 0.000

Type  : Fast 1200mV 0C Model Minimum Pulse Width 'vga_controller:vga_ins|squareRender:render1|curSquares:getPos1|counter:myCounter2Hz|clk_out'
Slack : -1.000
TNS   : -282.000

Type  : Fast 1200mV 0C Model Minimum Pulse Width 'CLOCK_50'
Slack : 9.436
TNS   : 0.000

Type  : Fast 1200mV 0C Model Minimum Pulse Width 'p1|altpll_component|pll|clk[2]'
Slack : 19.749
TNS   : 0.000

------------------------------------------------------------
